REMUX_TRACE_V1
source	live-working-session
captured_unix_micros	1784500842604365
command_sha256	36aa4f2db01ee05139a65c083995cc151390c1028817ccdd0566811486c7f2fd
exit_code	0
record_count	14
3164657	2323201b5b33326d776176652f57342d61747465737465642d76657262731b5b6d
3164664	201b5b33316d4d1b5b6d2073757065727669736f722f7372632f62696e2f72656d75782d73757065727669736f722e7273
3164664	201b5b33316d4d1b5b6d2073757065727669736f722f7372632f6c69622e7273
3164664	1b5b33316d3f3f1b5b6d202e6275696c642d6167656e742e7069642e6368696c64
3164664	1b5b33316d3f3f1b5b6d20676f616c732f57342d61747465737465642d76657262732f4c41554e434845532e6d64
3164667	1b5b33316d3f3f1b5b6d2073757065727669736f722f7372632f74726163652e7273
3582844	1b5b3f31681b3d0d0d1b5b4b1b5b3f316c1b3e2020202046696e6973686564206074657374602070726f66696c65205b756e6f7074696d697a6564202b206465627567696e666f5d2074617267657428732920696e20302e303073
3583028	202020202052756e6e696e672074657374732f6174746573746174696f6e2e727320287461726765742f64656275672f646570732f6174746573746174696f6e2d6535313833356462343032623866306229
3618152	72756e6e696e672034207465737473
3686705	7465737420636f6d6d69747465645f6174746573746174696f6e5f6d75746174696f6e5f6661696c735f686173685f766572696669636174696f6e202e2e2e206f6b
3702561	7465737420746f726e5f66696e616c5f6174746573746174696f6e5f6672616d655f69735f64657465637465645f616e645f6f6e6c795f746861745f7375666669785f69735f7265706169726564202e2e2e206f6b
3715719	74657374206167656e745f696e736964655f617574686f72697a65645f7074795f63616e6e6f745f617070656e645f6974735f6f776e5f6174746573746174696f6e202e2e2e206f6b
3715826	74657374206174746573746174696f6e5f636861696e5f636f766572735f6c6966656379636c655f62797465735f737061776e5f74696d696e675f616e645f65786974202e2e2e206f6b
3736680	7465737420726573756c743a206f6b2e2034207061737365643b2030206661696c65643b20302069676e6f7265643b2030206d656173757265643b20302066696c7465726564206f75743b2066696e697368656420696e20302e313073
